
> angular@0.0.0 start
> ng serve --host 0.0.0.0  --no-hmr --disable-host-check --port 3000

Warning: Running a server with --disable-host-check is a security risk. See https://medium.com/webpack/webpack-dev-server-middleware-security-issues-1489d950874a for more information.
The "disableHostCheck" option will not be used because it is not supported by the "@angular-devkit/build-angular:application" builder.
❯ Building...
✔ Building...
Browser bundles     
Initial chunk files  | Names                    |  Raw size
polyfills.js         | polyfills                |  90.20 kB | 
main.js              | main                     |   6.65 kB | 
chunk-YQOESBWP.js    | -                        | 754 bytes | 
styles.css           | styles                   | 723 bytes | 

                     | Initial total            |  98.33 kB

Lazy chunk files     | Names                    |  Raw size
chunk-I6T3BTUT.js    | trip-planner-component   |  17.15 kB | 
chunk-KEWXAXNF.js    | sign-in-component        |   9.92 kB | 
chunk-VE3VLI2F.js    | ai-suggestions-component |   6.76 kB | 
chunk-2YSV2GMC.js    | home-component           |   3.38 kB | 


Server bundles      
Initial chunk files  | Names                    |  Raw size
polyfills.server.mjs | polyfills.server         | 572.91 kB | 
chunk-GZYUJVJF.mjs   | -                        |   7.09 kB | 
server.mjs           | server                   |   1.42 kB | 
main.server.mjs      | main.server              | 831 bytes | 
chunk-FFILDKJJ.mjs   | -                        | 788 bytes | 

Lazy chunk files     | Names                    |  Raw size
chunk-LJ2PWU7N.mjs   | trip-planner-component   |  17.18 kB | 
chunk-NYY2LAG3.mjs   | sign-in-component        |   9.96 kB | 
chunk-BTFS2HB5.mjs   | ai-suggestions-component |   6.80 kB | 
chunk-DJ27HPD6.mjs   | home-component           |   3.42 kB | 

Application bundle generation complete. [3.289 seconds]

Watch mode enabled. Watching for file changes...
NOTE: Raw file sizes do not reflect development server per-request transformations.
  ➜  Local:   http://localhost:3000/
  ➜  Network: http://172.17.0.2:3000/
❯ Changes detected. Rebuilding...
✔ Changes detected. Rebuilding...
Browser bundles    
Initial chunk files | Names                  |  Raw size
main.js             | main                   |   6.65 kB | 

Lazy chunk files    | Names                  |  Raw size
chunk-GNDF5CQ7.js   | trip-planner-component |  18.44 kB | 


Server bundles     
Initial chunk files | Names                  |  Raw size
chunk-LIBKSEEB.mjs  | -                      |   7.09 kB | 
server.mjs          | server                 |   1.42 kB | 
main.server.mjs     | main.server            | 831 bytes | 

Lazy chunk files    | Names                  |  Raw size
chunk-757UXHIV.mjs  | trip-planner-component |  18.48 kB | 

Application bundle generation complete. [0.774 seconds]

Page reload sent to client(s).
❯ Changes detected. Rebuilding...
✔ Changes detected. Rebuilding...
Browser bundles    
Initial chunk files | Names                  |  Raw size
main.js             | main                   |   6.65 kB | 

Lazy chunk files    | Names                  |  Raw size
chunk-7QIWSLNQ.js   | trip-planner-component |  19.39 kB | 


Server bundles     
Initial chunk files | Names                  |  Raw size
chunk-XAH2BXTV.mjs  | -                      |   7.09 kB | 
server.mjs          | server                 |   1.42 kB | 
main.server.mjs     | main.server            | 831 bytes | 

Lazy chunk files    | Names                  |  Raw size
chunk-57BJPEMY.mjs  | trip-planner-component |  19.42 kB | 

Application bundle generation complete. [0.485 seconds]

Page reload sent to client(s).
❯ Changes detected. Rebuilding...
✔ Changes detected. Rebuilding...
Browser bundles    
Initial chunk files | Names                  |  Raw size
main.js             | main                   |   6.65 kB | 

Lazy chunk files    | Names                  |  Raw size
chunk-7GP3Q6QP.js   | trip-planner-component |  19.24 kB | 


Server bundles     
Initial chunk files | Names                  |  Raw size
chunk-GJBTRAMV.mjs  | -                      |   7.09 kB | 
server.mjs          | server                 |   1.42 kB | 
main.server.mjs     | main.server            | 831 bytes | 

Lazy chunk files    | Names                  |  Raw size
chunk-SM3KNJZE.mjs  | trip-planner-component |  19.28 kB | 

Application bundle generation complete. [0.477 seconds]

Page reload sent to client(s).
❯ Changes detected. Rebuilding...
✔ Changes detected. Rebuilding...
Browser bundles    
Initial chunk files | Names                    |  Raw size
main.js             | main                     |   6.65 kB | 

Lazy chunk files    | Names                    |  Raw size
chunk-B3Q6DF7Y.js   | ai-suggestions-component |   7.71 kB | 


Server bundles     
Initial chunk files | Names                    |  Raw size
chunk-22QYQHD5.mjs  | -                        |   7.09 kB | 
server.mjs          | server                   |   1.42 kB | 
main.server.mjs     | main.server              | 831 bytes | 

Lazy chunk files    | Names                    |  Raw size
chunk-EL4ZAQQZ.mjs  | ai-suggestions-component |   7.74 kB | 

Application bundle generation complete. [0.429 seconds]

Page reload sent to client(s).
❯ Changes detected. Rebuilding...
✔ Changes detected. Rebuilding...
Browser bundles    
Initial chunk files | Names                    |  Raw size
main.js             | main                     |   6.65 kB | 

Lazy chunk files    | Names                    |  Raw size
chunk-QVYFEYB2.js   | ai-suggestions-component |   7.55 kB | 


Server bundles     
Initial chunk files | Names                    |  Raw size
chunk-HKZDWVUG.mjs  | -                        |   7.09 kB | 
server.mjs          | server                   |   1.42 kB | 
main.server.mjs     | main.server              | 831 bytes | 

Lazy chunk files    | Names                    |  Raw size
chunk-ODPTA43M.mjs  | ai-suggestions-component |   7.59 kB | 

Application bundle generation complete. [0.202 seconds]

Page reload sent to client(s).
